// Jest Snapshot v1, https://goo.gl/fbAQLP

exports[`should render Header correctly with shallow 1`] = `
<header>
  <h1>
    Expensify
  </h1>
  <div>
    <NavLink
      activeClassName="is-active"
      exact={true}
      to="/"
    >
      ExpensesDashboardPage
    </NavLink>
  </div>
  <div>
    <NavLink
      activeClassName="is-active"
      to="/create"
    >
      Add
    </NavLink>
  </div>
  <div>
    <NavLink
      activeClassName="is-active"
      to="/edit"
    >
      Edit
    </NavLink>
  </div>
  <div>
    <NavLink
      activeClassName="is-active"
      to="/help"
    >
      Help
    </NavLink>
  </div>
</header>
`;
