// Jest Snapshot v1, https://goo.gl/fbAQLP

exports[`should render NotFoundPage correctly 1`] = `
<div>
  Sorry page not found(404) - 
  <Link
    to="/"
  >
    Go to home page
  </Link>
</div>
`;
